userCell 1	userCell 2	userCell 3	c	t	y	z	x	orthogonalDistance	geodesicDistance	volume	top_layer	DNA_percentileContent	preprocessed_EdU_content	DNA_content	pearsonCorrelation_EdU	_anno_DTC	_anno_stupid	SeedId	xyCalibration	zCalibration	clusterID	userLabel	Class
			0	0.0	3.426494	18.199999690055847	3.1629174	1.51126	8.026465	10580.0	0.38520652	0.5282278	417.48703	1418.0605	0.027644938	0.0	0.0	1.0	0.13178822	0.35	0	null	class pipeline.data.ClickedPoint
			0	0.0	2.6357646	19.59999966621399	6.3258348	0.9425594	10.484207	9793.0	0.20860389	0.42255148	378.88565	779.532	0.0058628665	0.0	0.0	2.0	0.13178822	0.35	0	null	class pipeline.data.ClickedPoint
			0	0.0	4.612588	23.099999606609344	5.535105	4.405007	11.053897	14790.0	0.0	0.35239562	529.4306	1318.0048	0.022431208	0.0	0.0	3.0	0.13178822	0.35	0	null	class pipeline.data.ClickedPoint
			0	0.0	8.698023	23.799999594688416	6.984776	4.221983	24.811049	13763.0	0.09444905	0.30771598	1056.5511	1112.1357	0.38506943	0.0	0.0	4.0	0.13178822	0.35	0	null	class pipeline.data.ClickedPoint
			0	0.0	11.333787	23.099999606609344	2.8993409	5.1352267	0.47966552	18735.0	0.0	0.3316144	709.0528	1821.1118	0.05125507	0.0	0.0	5.0	0.13178822	0.35	0	null	class pipeline.data.ClickedPoint
			0	0.0	7.3801403	21.349999636411667	10.279482	3.555519	17.846767	11589.0	0.0	0.37410045	1495.3777	1197.2544	0.48259985	0.0	0.0	6.0	0.13178822	0.35	0	null	class pipeline.data.ClickedPoint
			0	0.0	1.713247	20.99999964237213	11.729152	1.7954146	15.789381	8935.0	0.26841447	0.46211275	1153.9218	1035.6847	0.4838889	0.0	0.0	7.0	0.13178822	0.35	0	null	class pipeline.data.ClickedPoint
			0	0.0	1.4496704	23.799999594688416	11.465575	3.023766	17.706467	10191.0	0.0	0.4002309	1095.0107	1095.9443	0.50870913	0.0	0.0	29.0	0.13178822	0.35	0	null	class pipeline.data.ClickedPoint
			0	0.0	2.8993409	20.29999965429306	13.705976	2.3538435	15.789381	11489.0	0.42437923	0.43332693	567.1719	1525.6426	0.516266	0.0	0.0	8.0	0.13178822	0.35	0	null	class pipeline.data.ClickedPoint
			0	0.0	10.806634	16.44999971985817	2.6357646	1.558873	0.66059667	17114.0	0.9474124	0.44695017	700.29144	1507.8373	0.050758254	1.0	0.0	13.0	0.13178822	0.35	0	null	class pipeline.data.ClickedPoint
			0	0.0	8.829811	17.499999701976776	11.465575	6.2232113	14.751367	13975.0	0.42857143	0.42101213	1497.4185	1373.0115	0.36635697	0.0	0.0	10.0	0.13178822	0.35	0	null	class pipeline.data.ClickedPoint
			0	0.0	6.0622582	18.549999684095383	12.915246	3.7367628	15.789381	13446.0	0.5511696	0.44040793	375.14682	1496.5599	0.083650686	0.0	0.0	9.0	0.13178822	0.35	0	null	class pipeline.data.ClickedPoint
			0	0.0	6.5894113	16.099999725818634	8.829811	4.770913	11.716132	13563.0	0.7820844	0.52422553	587.81256	1567.1881	0.03467778	0.0	0.0	11.0	0.13178822	0.35	0	null	class pipeline.data.ClickedPoint
			0	0.0	6.852988	16.099999725818634	2.8993409	2.25576	4.549911	17410.0	1.0	0.4802001	821.641	1661.0795	0.018582478	0.0	0.0	12.0	0.13178822	0.35	0	null	class pipeline.data.ClickedPoint
			0	0.0	3.5582821	17.84999969601631	10.015905	2.2906353	13.342498	13401.0	0.7264076	0.39345777	557.49286	860.3121	0.07045633	0.0	0.0	15.0	0.13178822	0.35	0	null	class pipeline.data.ClickedPoint
			0	0.0	4.3490114	16.44999971985817	5.7986817	2.2129257	7.670413	13017.0	0.9188034	0.40700403	502.19388	863.41364	0.046311934	0.0	0.0	14.0	0.13178822	0.35	0	null	class pipeline.data.ClickedPoint
			0	0.0	4.8761644	23.44999960064888	10.543058	0.7661291	18.78521	9832.0	0.0	0.32595727	1001.904	807.33057	0.45045084	0.0	0.0	16.0	0.13178822	0.35	0	null	class pipeline.data.ClickedPoint
			0	0.0	5.7986817	26.5999995470047	8.829811	1.2419597	23.251333	9994.0	0.0	0.25849527	822.9152	744.4777	0.33350793	0.0	0.0	17.0	0.13178822	0.35	0	null	class pipeline.data.ClickedPoint
			0	0.0	7.3801403	27.29999953508377	5.7986817	1.4766778	27.383795	10845.0	0.0	0.26738504	804.3909	862.1239	0.36128935	0.0	0.0	18.0	0.13178822	0.35	0	null	class pipeline.data.ClickedPoint
			0	0.0	1.3178823	21.699999630451202	7.9072933	2.9184518	12.662159	12616.0	0.10107016	0.33388492	340.3761	794.4515	0.07592026	0.0	0.0	30.0	0.13178822	0.35	0	null	class pipeline.data.ClickedPoint
			0	0.0	10.015905	27.999999523162842	3.2947056	1.7354425	30.066898	17332.0	0.0	0.22920915	571.53644	1211.5363	0.060412034	0.0	0.0	19.0	0.13178822	0.35	0	null	class pipeline.data.ClickedPoint
			0	0.0	7.3801403	28.349999517202377	10.147694	1.5838381	24.011223	8851.0	0.0	0.24691167	857.9629	788.27515	0.31655452	0.0	0.0	22.0	0.13178822	0.35	0	null	class pipeline.data.ClickedPoint
			0	0.0	9.488752	29.399999499320984	6.5894113	1.6041026	27.658178	13744.0	8.0321287E-4	0.24845102	1025.2007	1130.8567	0.31953597	0.0	0.0	20.0	0.13178822	0.35	0	null	class pipeline.data.ClickedPoint
			0	0.0	11.333787	29.04999950528145	9.884117	4.0647697	25.39999	17441.0	0.10650224	0.27046373	1142.7926	1701.0771	0.1782137	0.0	0.0	21.0	0.13178822	0.35	0	null	class pipeline.data.ClickedPoint
			0	0.0	8.039082	28.699999511241913	12.6516695	3.753942	22.788979	14110.0	0.0	0.27377334	876.2728	1409.8698	0.3175401	0.0	0.0	23.0	0.13178822	0.35	0	null	class pipeline.data.ClickedPoint
			0	0.0	5.0079527	27.649999529123306	12.783458	2.5449843	21.251871	12262.0	0.0	0.28985953	410.72586	1282.6973	0.10203768	0.0	0.0	24.0	0.13178822	0.35	0	null	class pipeline.data.ClickedPoint
			0	0.0	4.612588	28.699999511241913	2.372188	4.4392185	30.066898	20999.0	0.0	0.19938426	662.01056	1063.2805	0.0090555	0.0	0.0	25.0	0.13178822	0.35	0	null	class pipeline.data.ClickedPoint
			0	0.0	1.5814587	26.5999995470047	6.0622582	6.2467623	22.88119	18008.0	0.0	0.2752357	491.31155	1242.2424	0.048663672	0.0	0.0	26.0	0.13178822	0.35	0	null	class pipeline.data.ClickedPoint
			0	0.0	9.093388	24.849999576807022	10.015905	3.1131492	23.404352	12110.0	0.0	0.33053684	1271.4613	1236.0155	0.4147286	0.0	0.0	27.0	0.13178822	0.35	0	null	class pipeline.data.ClickedPoint
			0	0.0	2.8993409	25.549999564886093	12.519881	2.7220426	19.791147	10487.0	0.0	0.39873004	1049.5032	1297.1483	0.44868118	0.0	0.0	28.0	0.13178822	0.35	0	null	class pipeline.data.ClickedPoint
			0	0.0	9.884117	14.699999749660492	9.093388	6.6743393	2.9844928	17940.0	1.0	0.5368097	752.7648	1925.879	0.053504523	0.0	0.0	31.0	0.13178822	0.35	0	null	class pipeline.data.ClickedPoint
			0	0.0	12.388093	18.899999678134918	4.085435	1.814046	0.0	15171.0	0.1964497	0.43686742	673.6081	1633.0063	0.008537414	0.0	0.0	32.0	0.13178822	0.35	0	null	class pipeline.data.ClickedPoint
			0	0.0	3.8218584	20.29999965429306	0.26357645	4.713968	7.0547867	19149.0	0.14285715	0.38360593	830.56256	2275.5076	0.029313669	0.0	0.0	33.0	0.13178822	0.35	0	null	class pipeline.data.ClickedPoint
			0	0.0	0.39536467	23.099999606609344	3.5582821	5.689429	9.064028	17268.0	0.0	0.36890513	319.96783	1917.093	-0.039694484	0.0	0.0	35.0	0.13178822	0.35	0	null	class pipeline.data.ClickedPoint
			0	0.0	0.13178822	17.84999969601631	2.5039763	3.8685958	8.578584	18073.0	1.0	0.5350779	297.91434	2391.106	0.0057971287	0.0	0.0	34.0	0.13178822	0.35	0	null	class pipeline.data.ClickedPoint
